*****************************************************************
      SolidWorks Corporation - Compte-rendu d'état du Processeur IGES
*****************************************************************
=================================================================
Informations générales
=================================================================
Envoi de l'identification du produit système en cours  : OE-V4.SLDASM
Réception de l'identification du produit système en cours: OE-V4.SLDASM
Nom de fichier                    : C:\Users\3DPS\Documents\GitHub\Tool-Head\FFF\V4 6mm\IGES-STEP\OE-V4.IGS
Envoi du système en cours               : SolidWorks 2014
Version du préprocesseur         : SolidWorks 2014
Date de création du fichier           : 150902.111439
Date de création du modèle          : 150902.111439
Unités                        : MM
Echelle de l'espace modèle            : 1
Auteur                       : 3DPS
Organisation                 : 


=================================================================
Informations sur le traitement des entités
=================================================================


=================================================================
Analyse de précision d'un fichier IGES:
=================================================================
  Nombre le plus répandu de chiffres significatifs:               1
  Nombre le plus grand de chiffres significatifs:                     11
  Nombre moyen de chiffres significatifs :                 2.2459
  Distance maximale jusqu'à l'origine:                          1443.33
  Distance minimale jusqu'à l'origine:                                0
  Nombre effectif de chiffres significatifs:                   11


=================================================================
Récapitulatif des entités
=================================================================
-----------------------------------------------------------------
Nom de type                                         Nombre converti
---- ----                                         ----- ---------
100  Arc                                            233       233
102  Composite curve                                538       538
110  Line                                          1155      1155
120  Surface of revolution                           78        78
124  Transformation matrix                          175       175
126  Rational B-spline curve                       1210      1210
128  Rational B-spline surface                      162       162
142  Curve on a parametric surface                  269       269
144  Trimmed parametric surface                     240       240
308  Subfigure definition                             4         4
314  Color definition                                 1         1
402  Associativity instance                          15        15
408  Singular subfigure instance                      4         4
_________________________________________________________________


=================================================================
Récapitulatif des résultats
=================================================================
Type de fonction SolidWorks                Nombre
-----------------------                -----
Fonction(s) volumique(s)                       4
Fonction(s) surfacique(s)                     0
Fonction(s) de courbe/d'esquisse                0
--------------------------------------------
Heure de début: mercredi, septembre 02, 2015 11:14:47
Heure de fin: mercredi, septembre 02, 2015 11:14:51
Durée de traitement: 0 days, 00 hours, 00 mins, 04 secs
